###############################################################################
#
# IAR ELF Linker V9.50.1.380/W64 for ARM                  08/Apr/2024  20:48:05
# Copyright 2007-2023 IAR Systems AB.
#
#    Output file  =
#        E:\project\smart car\modlecode\E05_04_imu963ra_demo -
#        find\iar\Debug_m7_0\Exe\cyt4bb7_cm_7_0.out
#    Map file     =
#        E:\project\smart car\modlecode\E05_04_imu963ra_demo -
#        find\iar\Debug_m7_0\List\cyt4bb7_cm_7_0.map
#    Command line =
#        -f "E:\project\smart car\modlecode\E05_04_imu963ra_demo -
#        find\iar\Debug_m7_0\Exe\cyt4bb7_cm_7_0.out.rsp" ("E:\project\smart
#        car\modlecode\E05_04_imu963ra_demo -
#        find\iar\Debug_m7_0\Obj\user_8514941877209965082.dir\cm7_0_isr.o"
#        "E:\project\smart car\modlecode\E05_04_imu963ra_demo -
#        find\iar\Debug_m7_0\Obj\adc_11722776235721520015.dir\cy_adc.o"
#        "E:\project\smart car\modlecode\E05_04_imu963ra_demo -
#        find\iar\Debug_m7_0\Obj\button_4990804375159372270.dir\cy_button.o"
#        "E:\project\smart car\modlecode\E05_04_imu963ra_demo -
#        find\iar\Debug_m7_0\Obj\canfd_1800690984773873875.dir\cy_canfd.o"
#        "E:\project\smart car\modlecode\E05_04_imu963ra_demo -
#        find\iar\Debug_m7_0\Obj\cpu_15938736945165268644.dir\cy_cpu.o"
#        "E:\project\smart car\modlecode\E05_04_imu963ra_demo -
#        find\iar\Debug_m7_0\Obj\crypto_1190170608956581615.dir\cy_crypto_config.o"
#        "E:\project\smart car\modlecode\E05_04_imu963ra_demo -
#        find\iar\Debug_m7_0\Obj\eth_phy_18133017486186456677.dir\cy_dp83867.o"
#        "E:\project\smart car\modlecode\E05_04_imu963ra_demo -
#        find\iar\Debug_m7_0\Obj\ethernet_6029839089178797009.dir\cy_ethif.o"
#        "E:\project\smart car\modlecode\E05_04_imu963ra_demo -
#        find\iar\Debug_m7_0\Obj\evtgen_3404189088603873129.dir\cy_evtgen.o"
#        "E:\project\smart car\modlecode\E05_04_imu963ra_demo -
#        find\iar\Debug_m7_0\Obj\flash_8529866181315662935.dir\cy_flash.o"
#        "E:\project\smart car\modlecode\E05_04_imu963ra_demo -
#        find\iar\Debug_m7_0\Obj\gpio_3999404635324069351.dir\cy_gpio.o"
#        "E:\project\smart car\modlecode\E05_04_imu963ra_demo -
#        find\iar\Debug_m7_0\Obj\audioss_1346650047966882938.dir\cy_i2s.o"
#        "E:\project\smart car\modlecode\E05_04_imu963ra_demo -
#        find\iar\Debug_m7_0\Obj\rev_b_6162237342861132223.dir\cy_interrupt_map.o"
#        "E:\project\smart car\modlecode\E05_04_imu963ra_demo -
#        find\iar\Debug_m7_0\Obj\ipc_10145506163450686023.dir\cy_ipc_drv.o"
#        "E:\project\smart car\modlecode\E05_04_imu963ra_demo -
#        find\iar\Debug_m7_0\Obj\ipc_10145506163450686023.dir\cy_ipc_pipe.o"
#        "E:\project\smart car\modlecode\E05_04_imu963ra_demo -
#        find\iar\Debug_m7_0\Obj\ipc_10145506163450686023.dir\cy_ipc_sema.o"
#        "E:\project\smart car\modlecode\E05_04_imu963ra_demo -
#        find\iar\Debug_m7_0\Obj\lin_18429031207028094880.dir\cy_lin.o"
#        "E:\project\smart car\modlecode\E05_04_imu963ra_demo -
#        find\iar\Debug_m7_0\Obj\lvd_6353935867039560245.dir\cy_lvd.o"
#        "E:\project\smart car\modlecode\E05_04_imu963ra_demo -
#        find\iar\Debug_m7_0\Obj\mcwdt_4052485907822033969.dir\cy_mcwdt.o"
#        "E:\project\smart car\modlecode\E05_04_imu963ra_demo -
#        find\iar\Debug_m7_0\Obj\dma_12106025507578611576.dir\cy_mdma.o"
#        "E:\project\smart car\modlecode\E05_04_imu963ra_demo -
#        find\iar\Debug_m7_0\Obj\mpu_5663187252346826382.dir\cy_mpu.o"
#        "E:\project\smart car\modlecode\E05_04_imu963ra_demo -
#        find\iar\Debug_m7_0\Obj\flash_864493325053435817.dir\cy_mw_flash.o"
#        "E:\project\smart car\modlecode\E05_04_imu963ra_demo -
#        find\iar\Debug_m7_0\Obj\dma_12106025507578611576.dir\cy_pdma.o"
#        "E:\project\smart car\modlecode\E05_04_imu963ra_demo -
#        find\iar\Debug_m7_0\Obj\power_14453085144426420577.dir\cy_power.o"
#        "E:\project\smart car\modlecode\E05_04_imu963ra_demo -
#        find\iar\Debug_m7_0\Obj\prot_10722960861768657883.dir\cy_prot.o"
#        "E:\project\smart car\modlecode\E05_04_imu963ra_demo -
#        find\iar\Debug_m7_0\Obj\scb_15490842639181808494.dir\cy_scb_common.o"
#        "E:\project\smart car\modlecode\E05_04_imu963ra_demo -
#        find\iar\Debug_m7_0\Obj\scb_15490842639181808494.dir\cy_scb_ezi2c.o"
#        "E:\project\smart car\modlecode\E05_04_imu963ra_demo -
#        find\iar\Debug_m7_0\Obj\scb_15490842639181808494.dir\cy_scb_i2c.o"
#        "E:\project\smart car\modlecode\E05_04_imu963ra_demo -
#        find\iar\Debug_m7_0\Obj\scb_15490842639181808494.dir\cy_scb_spi.o"
#        "E:\project\smart car\modlecode\E05_04_imu963ra_demo -
#        find\iar\Debug_m7_0\Obj\scb_15490842639181808494.dir\cy_scb_uart.o"
#        "E:\project\smart car\modlecode\E05_04_imu963ra_demo -
#        find\iar\Debug_m7_0\Obj\sd_host_2982766354293506895.dir\cy_sd_host.o"
#        "E:\project\smart car\modlecode\E05_04_imu963ra_demo -
#        find\iar\Debug_m7_0\Obj\semihosting_143864889731838620.dir\cy_semihosting.o"
#        "E:\project\smart car\modlecode\E05_04_imu963ra_demo -
#        find\iar\Debug_m7_0\Obj\smartio_5451710003740070188.dir\cy_smartio.o"
#        "E:\project\smart car\modlecode\E05_04_imu963ra_demo -
#        find\iar\Debug_m7_0\Obj\smif_427648126384146252.dir\cy_smif.o"
#        "E:\project\smart car\modlecode\E05_04_imu963ra_demo -
#        find\iar\Debug_m7_0\Obj\smif_mem_6470536964353725183.dir\cy_smif_device_common.o"
#        "E:\project\smart car\modlecode\E05_04_imu963ra_demo -
#        find\iar\Debug_m7_0\Obj\smif_mem_6470536964353725183.dir\cy_smif_hb_flash.o"
#        "E:\project\smart car\modlecode\E05_04_imu963ra_demo -
#        find\iar\Debug_m7_0\Obj\smif_427648126384146252.dir\cy_smif_memslot.o"
#        "E:\project\smart car\modlecode\E05_04_imu963ra_demo -
#        find\iar\Debug_m7_0\Obj\smif_mem_6470536964353725183.dir\cy_smif_s25fl.o"
#        "E:\project\smart car\modlecode\E05_04_imu963ra_demo -
#        find\iar\Debug_m7_0\Obj\smif_mem_6470536964353725183.dir\cy_smif_s25fs.o"
#        "E:\project\smart car\modlecode\E05_04_imu963ra_demo -
#        find\iar\Debug_m7_0\Obj\smif_mem_6470536964353725183.dir\cy_smif_semp.o"
#        "E:\project\smart car\modlecode\E05_04_imu963ra_demo -
#        find\iar\Debug_m7_0\Obj\smif_427648126384146252.dir\cy_smif_ver_specific.o"
#        "E:\project\smart car\modlecode\E05_04_imu963ra_demo -
#        find\iar\Debug_m7_0\Obj\srom_13018798572330080582.dir\cy_srom.o"
#        "E:\project\smart car\modlecode\E05_04_imu963ra_demo -
#        find\iar\Debug_m7_0\Obj\sw_timer_4215635015939382130.dir\cy_sw_tmr.o"
#        "E:\project\smart car\modlecode\E05_04_imu963ra_demo -
#        find\iar\Debug_m7_0\Obj\sysclk_16149231235676103872.dir\cy_sysclk.o"
#        "E:\project\smart car\modlecode\E05_04_imu963ra_demo -
#        find\iar\Debug_m7_0\Obj\sysflt_12293435975120599261.dir\cy_sysflt.o"
#        "E:\project\smart car\modlecode\E05_04_imu963ra_demo -
#        find\iar\Debug_m7_0\Obj\sysint_7435970359207984181.dir\cy_sysint.o"
#        "E:\project\smart car\modlecode\E05_04_imu963ra_demo -
#        find\iar\Debug_m7_0\Obj\syslib_16330585751512546975.dir\cy_syslib.o"
#        "E:\project\smart car\modlecode\E05_04_imu963ra_demo -
#        find\iar\Debug_m7_0\Obj\syslib_16330585751512546975.dir\cy_syslib_iar.o"
#        "E:\project\smart car\modlecode\E05_04_imu963ra_demo -
#        find\iar\Debug_m7_0\Obj\syspm_10887939769544754770.dir\cy_syspm.o"
#        "E:\project\smart car\modlecode\E05_04_imu963ra_demo -
#        find\iar\Debug_m7_0\Obj\sysreghc_17676636058511625587.dir\cy_sysreghc.o"
#        "E:\project\smart car\modlecode\E05_04_imu963ra_demo -
#        find\iar\Debug_m7_0\Obj\sysreset_14586141425677365288.dir\cy_sysreset.o"
#        "E:\project\smart car\modlecode\E05_04_imu963ra_demo -
#        find\iar\Debug_m7_0\Obj\sysrtc_10747768817563771611.dir\cy_sysrtc.o"
#        "E:\project\smart car\modlecode\E05_04_imu963ra_demo -
#        find\iar\Debug_m7_0\Obj\systick_16016591671695740695.dir\cy_systick.o"
#        "E:\project\smart car\modlecode\E05_04_imu963ra_demo -
#        find\iar\Debug_m7_0\Obj\syswdt_9118657615806274156.dir\cy_syswdt.o"
#        "E:\project\smart car\modlecode\E05_04_imu963ra_demo -
#        find\iar\Debug_m7_0\Obj\tcpwm_422923530147891246.dir\cy_tcpwm.o"
#        "E:\project\smart car\modlecode\E05_04_imu963ra_demo -
#        find\iar\Debug_m7_0\Obj\tcpwm_422923530147891246.dir\cy_tcpwm_counter.o"
#        "E:\project\smart car\modlecode\E05_04_imu963ra_demo -
#        find\iar\Debug_m7_0\Obj\tcpwm_422923530147891246.dir\cy_tcpwm_pwm.o"
#        "E:\project\smart car\modlecode\E05_04_imu963ra_demo -
#        find\iar\Debug_m7_0\Obj\tcpwm_422923530147891246.dir\cy_tcpwm_quaddec.o"
#        "E:\project\smart car\modlecode\E05_04_imu963ra_demo -
#        find\iar\Debug_m7_0\Obj\tcpwm_422923530147891246.dir\cy_tcpwm_sr.o"
#        "E:\project\smart car\modlecode\E05_04_imu963ra_demo -
#        find\iar\Debug_m7_0\Obj\trigmux_9729677290734583340.dir\cy_trigmux.o"
#        "E:\project\smart car\modlecode\E05_04_imu963ra_demo -
#        find\iar\Debug_m7_0\Obj\ethernet_6029839089178797009.dir\edd.o"
#        "E:\project\smart car\modlecode\E05_04_imu963ra_demo -
#        find\iar\Debug_m7_0\Obj\ethernet_6029839089178797009.dir\edd_rx.o"
#        "E:\project\smart car\modlecode\E05_04_imu963ra_demo -
#        find\iar\Debug_m7_0\Obj\ethernet_6029839089178797009.dir\edd_tx.o"
#        "E:\project\smart car\modlecode\E05_04_imu963ra_demo -
#        find\iar\Debug_m7_0\Obj\code_17896468042025673432.dir\km.o"
#        "E:\project\smart car\modlecode\E05_04_imu963ra_demo -
#        find\iar\Debug_m7_0\Obj\user_8514941877209965082.dir\main_cm7_0.o"
#        "E:\project\smart car\modlecode\E05_04_imu963ra_demo -
#        find\iar\Debug_m7_0\Obj\code_17896468042025673432.dir\math.o"
#        "E:\project\smart car\modlecode\E05_04_imu963ra_demo -
#        find\iar\Debug_m7_0\Obj\code_17896468042025673432.dir\pose.o"
#        "E:\project\smart car\modlecode\E05_04_imu963ra_demo -
#        find\iar\Debug_m7_0\Obj\zf_components_14936052685886095442.dir\seekfree_assistant.o"
#        "E:\project\smart car\modlecode\E05_04_imu963ra_demo -
#        find\iar\Debug_m7_0\Obj\zf_components_14936052685886095442.dir\seekfree_assistant_interface.o"
#        "E:\project\smart car\modlecode\E05_04_imu963ra_demo -
#        find\iar\Debug_m7_0\Obj\startup_479057977785470282.dir\startup.o"
#        "E:\project\smart car\modlecode\E05_04_imu963ra_demo -
#        find\iar\Debug_m7_0\Obj\startup_479057977785470282.dir\startup_cm7.o"
#        "E:\project\smart car\modlecode\E05_04_imu963ra_demo -
#        find\iar\Debug_m7_0\Obj\rev_b_4986922561640112550.dir\system_tviibh4m_cm7.o"
#        "E:\project\smart car\modlecode\E05_04_imu963ra_demo -
#        find\iar\Debug_m7_0\Obj\zf_common_1201165462030747823.dir\zf_common_clock.o"
#        "E:\project\smart car\modlecode\E05_04_imu963ra_demo -
#        find\iar\Debug_m7_0\Obj\zf_common_1201165462030747823.dir\zf_common_debug.o"
#        "E:\project\smart car\modlecode\E05_04_imu963ra_demo -
#        find\iar\Debug_m7_0\Obj\zf_common_1201165462030747823.dir\zf_common_fifo.o"
#        "E:\project\smart car\modlecode\E05_04_imu963ra_demo -
#        find\iar\Debug_m7_0\Obj\zf_common_1201165462030747823.dir\zf_common_font.o"
#        "E:\project\smart car\modlecode\E05_04_imu963ra_demo -
#        find\iar\Debug_m7_0\Obj\zf_common_1201165462030747823.dir\zf_common_function.o"
#        "E:\project\smart car\modlecode\E05_04_imu963ra_demo -
#        find\iar\Debug_m7_0\Obj\zf_common_1201165462030747823.dir\zf_common_interrupt.o"
#        "E:\project\smart car\modlecode\E05_04_imu963ra_demo -
#        find\iar\Debug_m7_0\Obj\zf_device_6570275422786408770.dir\zf_device_absolute_encoder.o"
#        "E:\project\smart car\modlecode\E05_04_imu963ra_demo -
#        find\iar\Debug_m7_0\Obj\zf_device_6570275422786408770.dir\zf_device_bluetooth_ch9141.o"
#        "E:\project\smart car\modlecode\E05_04_imu963ra_demo -
#        find\iar\Debug_m7_0\Obj\zf_device_6570275422786408770.dir\zf_device_dl1a.o"
#        "E:\project\smart car\modlecode\E05_04_imu963ra_demo -
#        find\iar\Debug_m7_0\Obj\zf_device_6570275422786408770.dir\zf_device_dl1b.o"
#        "E:\project\smart car\modlecode\E05_04_imu963ra_demo -
#        find\iar\Debug_m7_0\Obj\zf_device_6570275422786408770.dir\zf_device_gnss.o"
#        "E:\project\smart car\modlecode\E05_04_imu963ra_demo -
#        find\iar\Debug_m7_0\Obj\zf_device_6570275422786408770.dir\zf_device_icm20602.o"
#        "E:\project\smart car\modlecode\E05_04_imu963ra_demo -
#        find\iar\Debug_m7_0\Obj\zf_device_6570275422786408770.dir\zf_device_imu660ra.o"
#        "E:\project\smart car\modlecode\E05_04_imu963ra_demo -
#        find\iar\Debug_m7_0\Obj\zf_device_6570275422786408770.dir\zf_device_imu963ra.o"
#        "E:\project\smart car\modlecode\E05_04_imu963ra_demo -
#        find\iar\Debug_m7_0\Obj\zf_device_6570275422786408770.dir\zf_device_ips114.o"
#        "E:\project\smart car\modlecode\E05_04_imu963ra_demo -
#        find\iar\Debug_m7_0\Obj\zf_device_6570275422786408770.dir\zf_device_ips200.o"
#        "E:\project\smart car\modlecode\E05_04_imu963ra_demo -
#        find\iar\Debug_m7_0\Obj\zf_device_6570275422786408770.dir\zf_device_key.o"
#        "E:\project\smart car\modlecode\E05_04_imu963ra_demo -
#        find\iar\Debug_m7_0\Obj\zf_device_6570275422786408770.dir\zf_device_mpu6050.o"
#        "E:\project\smart car\modlecode\E05_04_imu963ra_demo -
#        find\iar\Debug_m7_0\Obj\zf_device_6570275422786408770.dir\zf_device_oled.o"
#        "E:\project\smart car\modlecode\E05_04_imu963ra_demo -
#        find\iar\Debug_m7_0\Obj\zf_device_6570275422786408770.dir\zf_device_tft180.o"
#        "E:\project\smart car\modlecode\E05_04_imu963ra_demo -
#        find\iar\Debug_m7_0\Obj\zf_device_6570275422786408770.dir\zf_device_tsl1401.o"
#        "E:\project\smart car\modlecode\E05_04_imu963ra_demo -
#        find\iar\Debug_m7_0\Obj\zf_device_6570275422786408770.dir\zf_device_type.o"
#        "E:\project\smart car\modlecode\E05_04_imu963ra_demo -
#        find\iar\Debug_m7_0\Obj\zf_device_6570275422786408770.dir\zf_device_uart_receiver.o"
#        "E:\project\smart car\modlecode\E05_04_imu963ra_demo -
#        find\iar\Debug_m7_0\Obj\zf_device_6570275422786408770.dir\zf_device_virtual_oscilloscope.o"
#        "E:\project\smart car\modlecode\E05_04_imu963ra_demo -
#        find\iar\Debug_m7_0\Obj\zf_device_6570275422786408770.dir\zf_device_wifi_spi.o"
#        "E:\project\smart car\modlecode\E05_04_imu963ra_demo -
#        find\iar\Debug_m7_0\Obj\zf_device_6570275422786408770.dir\zf_device_wifi_uart.o"
#        "E:\project\smart car\modlecode\E05_04_imu963ra_demo -
#        find\iar\Debug_m7_0\Obj\zf_device_6570275422786408770.dir\zf_device_wireless_uart.o"
#        "E:\project\smart car\modlecode\E05_04_imu963ra_demo -
#        find\iar\Debug_m7_0\Obj\zf_driver_11922370083829174090.dir\zf_driver_adc.o"
#        "E:\project\smart car\modlecode\E05_04_imu963ra_demo -
#        find\iar\Debug_m7_0\Obj\zf_driver_11922370083829174090.dir\zf_driver_delay.o"
#        "E:\project\smart car\modlecode\E05_04_imu963ra_demo -
#        find\iar\Debug_m7_0\Obj\zf_driver_11922370083829174090.dir\zf_driver_dma.o"
#        "E:\project\smart car\modlecode\E05_04_imu963ra_demo -
#        find\iar\Debug_m7_0\Obj\zf_driver_11922370083829174090.dir\zf_driver_encoder.o"
#        "E:\project\smart car\modlecode\E05_04_imu963ra_demo -
#        find\iar\Debug_m7_0\Obj\zf_driver_11922370083829174090.dir\zf_driver_exti.o"
#        "E:\project\smart car\modlecode\E05_04_imu963ra_demo -
#        find\iar\Debug_m7_0\Obj\zf_driver_11922370083829174090.dir\zf_driver_flash.o"
#        "E:\project\smart car\modlecode\E05_04_imu963ra_demo -
#        find\iar\Debug_m7_0\Obj\zf_driver_11922370083829174090.dir\zf_driver_gpio.o"
#        "E:\project\smart car\modlecode\E05_04_imu963ra_demo -
#        find\iar\Debug_m7_0\Obj\zf_driver_11922370083829174090.dir\zf_driver_ipc.o"
#        "E:\project\smart car\modlecode\E05_04_imu963ra_demo -
#        find\iar\Debug_m7_0\Obj\zf_driver_11922370083829174090.dir\zf_driver_pit.o"
#        "E:\project\smart car\modlecode\E05_04_imu963ra_demo -
#        find\iar\Debug_m7_0\Obj\zf_driver_11922370083829174090.dir\zf_driver_pwm.o"
#        "E:\project\smart car\modlecode\E05_04_imu963ra_demo -
#        find\iar\Debug_m7_0\Obj\zf_driver_11922370083829174090.dir\zf_driver_soft_iic.o"
#        "E:\project\smart car\modlecode\E05_04_imu963ra_demo -
#        find\iar\Debug_m7_0\Obj\zf_driver_11922370083829174090.dir\zf_driver_soft_spi.o"
#        "E:\project\smart car\modlecode\E05_04_imu963ra_demo -
#        find\iar\Debug_m7_0\Obj\zf_driver_11922370083829174090.dir\zf_driver_spi.o"
#        "E:\project\smart car\modlecode\E05_04_imu963ra_demo -
#        find\iar\Debug_m7_0\Obj\zf_driver_11922370083829174090.dir\zf_driver_timer.o"
#        "E:\project\smart car\modlecode\E05_04_imu963ra_demo -
#        find\iar\Debug_m7_0\Obj\zf_driver_11922370083829174090.dir\zf_driver_uart.o"
#        --no_out_extension -o "E:\project\smart
#        car\modlecode\E05_04_imu963ra_demo -
#        find\iar\Debug_m7_0\Exe\cyt4bb7_cm_7_0.out" --config_def
#        _CORE_cm7_0_=0 --config_def _LINK_flash_=0 --map "E:\project\smart
#        car\modlecode\E05_04_imu963ra_demo -
#        find\iar\Debug_m7_0\List\cyt4bb7_cm_7_0.map" --config
#        "E:\project\smart car\modlecode\E05_04_imu963ra_demo -
#        find\iar\project_config\..\icf\linker_directives_tviibh.icf"
#        --semihosting "E:\project\smart car\modlecode\E05_04_imu963ra_demo -
#        find\iar\project_config\..\..\..\libraries\sdk\tviibh4m\src\drivers\crypto\libs\libcrypto_server_cm0plus_iar.a"
#        "E:\project\smart car\modlecode\E05_04_imu963ra_demo -
#        find\iar\project_config\..\..\..\libraries\zf_device\zf_device_config.a"
#        "E:\project\smart car\modlecode\E05_04_imu963ra_demo -
#        find\iar\project_config\..\..\..\libraries\sdk\common\hdr\cmsis\dsp\iar_cortexM7lf_math.a"
#        --entry __iar_program_start --vfe --text_out locale --cpu=Cortex-M7
#        --fpu=VFPv5_d16) --dependencies=n "E:\project\smart
#        car\modlecode\E05_04_imu963ra_demo -
#        find\iar\Debug_m7_0\Exe\cyt4bb7_cm_7_0.out.iar_deps"
#
###############################################################################

*******************************************************************************
*** RUNTIME MODEL ATTRIBUTES
***

CppFlavor       = *
__CPP_Runtime   = 1
__SystemLibrary = DLib
__dlib_version  = 6


*******************************************************************************
*** HEAP SELECTION
***

The basic heap was selected because --advanced_heap
was not specified and the application did not appear to
be primarily optimized for speed.


*******************************************************************************
*** PLACEMENT SUMMARY
***

"A0":  place at start of [from 0x1008'0000 to 0x1027'ffff] { section .intvec };
"P1":  place in [from 0x1008'0000 to 0x1027'ffff] { ro };
"P2":  place in [from 0x2802'0000 to 0x2807'ffff] { rw };
define block HEAP with size = 1K, alignment = 8 { };
define block CSTACK with size = 8K, alignment = 8 { };
define block HEAP_STACK { block HEAP, last block CSTACK };
"A1":  place at end of [from 0x2802'0000 to 0x2807'ffff] { block HEAP_STACK };
do not initialize { section .intvec_ram };
initialize by copy { rw };

No sections matched the following patterns:

  ro section .sflash_app_prot  in "P6"
  ro section .sflash_nar       in "P4"
  ro section .sflash_pkey      in "P5"
  ro section .sflash_toc2      in "P7"
  ro section .sflash_uf_rows   in "P3"
  ro section .work_flash       in "P8"


  Section            Kind         Address  Aligment    Size  Object
  -------            ----         -------  --------    ----  ------
"A0":                                                  0x80
  .intvec            ro code  0x1008'0000       128    0x80  startup_cm7.o [31]
                            - 0x1008'0080              0x80

"P1":                                                0x510e
  .text              ro code  0x1008'0080         4   0xd16  xprintflarge_nomb.o [50]
  .text              ro code  0x1008'0d96         2    0x7e  lz77_init_single.o [52]
  .text              ro code  0x1008'0e14         4    0x16  strchr.o [52]
  .text              ro code  0x1008'0e2a         2     0xa  xsprout.o [50]
  .text              ro code  0x1008'0e34         4    0x40  xfail_s.o [50]
  .text              ro code  0x1008'0e74         4    0x36  strlen.o [52]
  .text              ro code  0x1008'0eac         4    0x58  memchr.o [52]
  .text              ro code  0x1008'0f04         4    0xa6  ABImemcpy.o [52]
  .text              ro code  0x1008'0fac         4    0x70  frexp.o [51]
  .text              ro code  0x1008'101c         2    0x12  DblDiv.o [51]
  .text              ro code  0x1008'102e         2     0xe  DblToU32.o [51]
  .text              ro code  0x1008'103c         2     0xe  U32ToDbl.o [51]
  .text              ro code  0x1008'104a         2    0x12  DblSub.o [51]
  .text              ro code  0x1008'105c         2    0x12  DblMul.o [51]
  .text              ro code  0x1008'1070         4   0x230  I64DivMod.o [52]
  .text              ro code  0x1008'12a0         2     0x6  abort.o [50]
  .text              ro code  0x1008'12a8         4     0x2  I64DivZer.o [52]
  .text              ro code  0x1008'12ac         4    0x14  exit.o [53]
  .text              ro code  0x1008'12c0         4   0xb20  pose.o [5]
  .text              ro code  0x1008'1de0         4   0x358  math.o [5]
  .text              ro code  0x1008'2138         4   0x8e8  cy_sysclk.o [33]
  .text              ro code  0x1008'2a20         4    0x70  strncpy.o [52]
  .text              ro code  0x1008'2a90         4    0xa8  cy_syslib.o [36]
  .text              ro code  0x1008'2b38         4    0x66  ABImemset.o [52]
  .text              ro code  0x1008'2b9e         2     0x2  cy_syslib.o [36]
  .text              ro code  0x1008'2ba0         4   0x6c8  zf_driver_soft_iic.o [49]
  .text              ro code  0x1008'3268         4   0x400  zf_common_debug.o [46]
  .text              ro code  0x1008'3668         4   0x1b8  zf_driver_gpio.o [49]
  .text              ro code  0x1008'3820         4    0xa4  zf_driver_uart.o [49]
  .text              ro code  0x1008'38c4         4    0x40  sprintf.o [50]
  .text              ro code  0x1008'3904         4    0x34  zf_common_interrupt.o [46]
  .text              ro code  0x1008'3938         4   0x194  cy_gpio.o [14]
  .text              ro code  0x1008'3acc         4    0x28  zf_driver_pwm.o [49]
  .text              ro code  0x1008'3af4         4   0x414  zf_device_imu963ra.o [48]
  .text              ro code  0x1008'3f08         4   0x2cc  zf_driver_delay.o [49]
  .text              ro code  0x1008'41d4         4   0x18a  cy_tcpwm_counter.o [43]
  .text              ro code  0x1008'435e         2     0xe  cy_tcpwm.o [43]
  .text              ro code  0x1008'436c         4   0x228  main_cm7_0.o [45]
  .text              ro code  0x1008'4594         4    0x1c  zf_common_clock.o [46]
  .text              ro code  0x1008'45b0         4    0x28  printf.o [50]
  .text              ro code  0x1008'45d8         4   0x154  system_tviibh4m_cm7.o [22]
  .text              ro code  0x1008'472c         4     0x8  startup_cm7.o [31]
  .text              ro code  0x1008'4734         4     0x6  startup_cm7.o [31]
  .text              ro code  0x1008'473c         4   0x204  startup.o [31]
  .text              ro code  0x1008'4940         4   0x198  cy_interrupt_map.o [23]
  .text              ro code  0x1008'4ad8         4    0xb0  startup_cm7.o [31]
  .rodata            const    0x1008'4b88         4    0x58  cy_sysclk.o [33]
  .rodata            const    0x1008'4be0         4    0x58  cy_sysclk.o [33]
  .rodata            const    0x1008'4c38         4    0x58  system_tviibh4m_cm7.o [22]
  .rodata            const    0x1008'4c90         4    0x48  zf_device_imu963ra.o [48]
  .rodata            const    0x1008'4cd8         4    0x48  zf_driver_soft_iic.o [49]
  .text              ro code  0x1008'4d20         2    0x38  zero_init3.o [52]
  .text              ro code  0x1008'4d58         4    0x2a  data_init.o [52]
  .rodata            const    0x1008'4d84         4    0x28  zf_device_imu963ra.o [48]
  .text              ro code  0x1008'4dac         4    0x22  fpinit_M.o [51]
  .iar.init_table    const    0x1008'4dd0         4    0x20  - Linker created -
  .rodata            const    0x1008'4df0         4    0x20  zf_device_imu963ra.o [48]
  .text              ro code  0x1008'4e10         4    0x20  startup_cm7.o [31]
  .text              ro code  0x1008'4e30         2    0x20  putchar.o [50]
  .text              ro code  0x1008'4e50        16    0x1e  cy_syslib_iar.o [36]
  .text              ro code  0x1008'4e70         4    0x1e  cmain.o [52]
  .text              ro code  0x1008'4e90         4     0x4  startup_cm7.o [31]
  .text              ro code  0x1008'4e94         2     0x4  exit.o [50]
  .text              ro code  0x1008'4e98         4     0xa  cexit.o [52]
  .rodata            const    0x1008'4ea4         4    0x1c  zf_common_debug.o [46]
  .text              ro code  0x1008'4ec0         4    0x1c  startup_cm7.o [31]
  .text              ro code  0x1008'4edc         4    0x1c  cstartup_M.o [52]
  .rodata            const    0x1008'4ef8         4    0x18  main_cm7_0.o [45]
  .rodata            const    0x1008'4f10         4    0x18  startup.o [31]
  .rodata            const    0x1008'4f28         4    0x18  system_tviibh4m_cm7.o [22]
  .rodata            const    0x1008'4f40         4    0x18  zf_common_debug.o [46]
  .text              ro code  0x1008'4f58         2    0x16  xprout.o [50]
  .rodata            const    0x1008'4f70         4    0x10  main_cm7_0.o [45]
  .rodata            const    0x1008'4f80         4    0x10  zf_common_debug.o [46]
  .rodata            const    0x1008'4f90         4    0x10  zf_common_debug.o [46]
  .rodata            const    0x1008'4fa0         4     0xc  zf_common_debug.o [46]
  .rodata            const    0x1008'4fac         4     0xc  zf_common_debug.o [46]
  .rodata            const    0x1008'4fb8         4     0xc  zf_common_debug.o [46]
  .text              ro code  0x1008'4fc4         2     0xc  cy_syslib.o [36]
  .rodata            const    0x1008'4fd0         4     0x8  cy_sysclk.o [33]
  .rodata            const    0x1008'4fd8         4     0x4  cy_interrupt_map.o [23]
  .rodata            const    0x1008'4fdc         4     0x4  cy_interrupt_map.o [23]
  .rodata            const    0x1008'4fe0         4     0x4  cy_interrupt_map.o [23]
  .rodata            const    0x1008'4fe4         4     0x4  cy_interrupt_map.o [23]
  .rodata            const    0x1008'4fe8         4     0x4  cy_interrupt_map.o [23]
  .rodata            const    0x1008'4fec         4     0x4  cy_interrupt_map.o [23]
  .rodata            const    0x1008'4ff0         4     0x4  cy_interrupt_map.o [23]
  .rodata            const    0x1008'4ff4         4     0x4  cy_interrupt_map.o [23]
  .rodata            const    0x1008'4ff8         4     0x4  cy_tcpwm_counter.o [43]
  .rodata            const    0x1008'4ffc         4     0x4  cy_tcpwm_counter.o [43]
  .rodata            const    0x1008'5000         4     0x4  cy_tcpwm_counter.o [43]
  .rodata            const    0x1008'5004         4     0x4  cy_tcpwm_counter.o [43]
  .rodata            const    0x1008'5008         4     0x4  cy_tcpwm_counter.o [43]
  .text              ro code  0x1008'500c         4     0x4  startup_cm7.o [31]
  .text              ro code  0x1008'5010         4     0x4  startup_cm7.o [31]
  .text              ro code  0x1008'5014         4     0x4  startup_cm7.o [31]
  .text              ro code  0x1008'5018         4     0x4  startup_cm7.o [31]
  .text              ro code  0x1008'501c         4     0x4  startup_cm7.o [31]
  .text              ro code  0x1008'5020         4     0x4  startup_cm7.o [31]
  .text              ro code  0x1008'5024         4     0x4  startup_cm7.o [31]
  .text              ro code  0x1008'5028         4     0x4  startup_cm7.o [31]
  .text              ro code  0x1008'502c         4     0x4  startup_cm7.o [31]
  .text              ro code  0x1008'5030         4     0x4  startup_cm7.o [31]
  .text              ro code  0x1008'5034         4     0x4  startup_cm7.o [31]
  .text              ro code  0x1008'5038         4     0x4  startup_cm7.o [31]
  .text              ro code  0x1008'503c         4     0x4  startup_cm7.o [31]
  .text              ro code  0x1008'5040         4     0x4  startup_cm7.o [31]
  .text              ro code  0x1008'5044         4     0x4  startup_cm7.o [31]
  .rodata            const    0x1008'5048               0x0  zero_init3.o [52]
  .rodata            const    0x1008'5048               0x0  lz77_init_single.o [52]
  Initializer bytes  const    0x1008'5048              0x42  <for P2-1>
                            - 0x1008'508a            0x500a

"P2", part 1 of 3:                                    0x714
  P2-1                        0x2802'0000             0x714  <Init block>
    .data            inited   0x2802'0000         4   0x6ec  cy_interrupt_map.o [23]
    .data            inited   0x2802'06ec         4     0x4  main_cm7_0.o [45]
    .data            inited   0x2802'06f0         4     0xc  zf_device_imu963ra.o [48]
    .data            inited   0x2802'06fc         4    0x14  zf_driver_uart.o [49]
    .data            inited   0x2802'0710         2     0x2  zf_driver_delay.o [49]
    .data            inited   0x2802'0712               0x1  zf_common_debug.o [46]
    .data            inited   0x2802'0713               0x1  zf_driver_delay.o [49]
                            - 0x2802'0714             0x714

"P2", part 2 of 3:                                    0x204
  .bss               zero     0x2802'0714         4    0xd0  main_cm7_0.o [45]
  .bss               zero     0x2802'07e4         4    0x70  cy_syslib.o [36]
  .bss               zero     0x2802'0854         4    0x18  cy_sysclk.o [33]
  .bss               zero     0x2802'086c         4    0x18  cy_syslib.o [36]
  .bss               zero     0x2802'0884         4    0x14  zf_common_debug.o [46]
  .bss               zero     0x2802'0898         4    0x10  zf_device_imu963ra.o [48]
  .bss               zero     0x2802'08a8         4     0x4  cy_syslib.o [36]
  .bss               zero     0x2802'08ac         4     0x4  main_cm7_0.o [45]
  .bss               zero     0x2802'08b0         4     0x4  main_cm7_0.o [45]
  .bss               zero     0x2802'08b4         4     0x4  main_cm7_0.o [45]
  .bss               zero     0x2802'08b8         4     0x4  main_cm7_0.o [45]
  .bss               zero     0x2802'08bc         4     0x4  main_cm7_0.o [45]
  .bss               zero     0x2802'08c0         4     0x4  main_cm7_0.o [45]
  .bss               zero     0x2802'08c4         4     0x4  main_cm7_0.o [45]
  .bss               zero     0x2802'08c8         4     0x4  main_cm7_0.o [45]
  .bss               zero     0x2802'08cc         4     0x4  main_cm7_0.o [45]
  .bss               zero     0x2802'08d0         4     0x4  main_cm7_0.o [45]
  .bss               zero     0x2802'08d4         4     0x4  main_cm7_0.o [45]
  .bss               zero     0x2802'08d8         4     0x4  pose.o [5]
  .bss               zero     0x2802'08dc         4     0x4  pose.o [5]
  .bss               zero     0x2802'08e0         4     0x4  system_tviibh4m_cm7.o [22]
  .bss               zero     0x2802'08e4         4     0x4  system_tviibh4m_cm7.o [22]
  .bss               zero     0x2802'08e8         4     0x4  system_tviibh4m_cm7.o [22]
  .bss               zero     0x2802'08ec         4     0x4  system_tviibh4m_cm7.o [22]
  .bss               zero     0x2802'08f0         4     0x4  system_tviibh4m_cm7.o [22]
  .bss               zero     0x2802'08f4         4     0x4  zf_common_clock.o [46]
  .bss               zero     0x2802'08f8         4     0x4  zf_common_interrupt.o [46]
  .bss               zero     0x2802'08fc         4     0x4  xfail_s.o [50]
  .bss               zero     0x2802'0900         2     0x2  zf_device_imu963ra.o [48]
  .bss               zero     0x2802'0902         2     0x2  zf_device_imu963ra.o [48]
  .bss               zero     0x2802'0904         2     0x2  zf_device_imu963ra.o [48]
  .bss               zero     0x2802'0906         2     0x2  zf_device_imu963ra.o [48]
  .bss               zero     0x2802'0908         2     0x2  zf_device_imu963ra.o [48]
  .bss               zero     0x2802'090a         2     0x2  zf_device_imu963ra.o [48]
  .bss               zero     0x2802'090c         2     0x2  zf_device_imu963ra.o [48]
  .bss               zero     0x2802'090e         2     0x2  zf_device_imu963ra.o [48]
  .bss               zero     0x2802'0910         2     0x2  zf_device_imu963ra.o [48]
  .bss               zero     0x2802'0912               0x1  cy_sysclk.o [33]
  .bss               zero     0x2802'0913               0x1  pose.o [5]
  .bss               zero     0x2802'0914               0x1  zf_common_debug.o [46]
  .bss               zero     0x2802'0915               0x1  zf_common_debug.o [46]
                            - 0x2802'0916             0x202

"P2", part 3 of 3:                                     0x80
  .intvec_ram        uninit   0x2802'0980       128    0x80  startup_cm7.o [31]
                            - 0x2802'0a00              0x80

"A1":                                                0x2000
  HEAP_STACK                  0x2807'e000            0x2000  <Block>
    CSTACK                    0x2807'e000         8  0x2000  <Block>
      CSTACK         uninit   0x2807'e000            0x2000  <Block tail>
                            - 0x2808'0000            0x2000

Unused ranges:

         From           To       Size
         ----           --       ----
  0x1008'518e  0x1027'ffff  0x1f'ae72
  0x2802'0918  0x2802'097f       0x68
  0x2802'0a00  0x2807'dfff   0x5'd600


*******************************************************************************
*** INIT TABLE
***

          Address      Size
          -------      ----
Zero (__iar_zero_init3)
    1 destination range, total size 0x202:
          0x2802'0714  0x202

Copy/lz77 (__iar_lz77_init_single3)
    1 source range, total size 0x42 (3% of destination):
          0x1008'5048   0x42
    1 destination range, total size 0x714:
          0x2802'0000  0x714



*******************************************************************************
*** MODULE SUMMARY
***

    Module                 ro code  ro data  rw data
    ------                 -------  -------  -------
command line/config:
    ------------------------------------------------
    Total:

E:\project\smart car\modlecode\E05_04_imu963ra_demo - find\iar\Debug_m7_0\Obj\adc_11722776235721520015.dir: [1]
    ------------------------------------------------
    Total:

E:\project\smart car\modlecode\E05_04_imu963ra_demo - find\iar\Debug_m7_0\Obj\audioss_1346650047966882938.dir: [2]
    ------------------------------------------------
    Total:

E:\project\smart car\modlecode\E05_04_imu963ra_demo - find\iar\Debug_m7_0\Obj\button_4990804375159372270.dir: [3]
    ------------------------------------------------
    Total:

E:\project\smart car\modlecode\E05_04_imu963ra_demo - find\iar\Debug_m7_0\Obj\canfd_1800690984773873875.dir: [4]
    ------------------------------------------------
    Total:

E:\project\smart car\modlecode\E05_04_imu963ra_demo - find\iar\Debug_m7_0\Obj\code_17896468042025673432.dir: [5]
    math.o                     856
    pose.o                   2'848                 9
    ------------------------------------------------
    Total:                   3'704                 9

E:\project\smart car\modlecode\E05_04_imu963ra_demo - find\iar\Debug_m7_0\Obj\cpu_15938736945165268644.dir: [6]
    ------------------------------------------------
    Total:

E:\project\smart car\modlecode\E05_04_imu963ra_demo - find\iar\Debug_m7_0\Obj\crypto_1190170608956581615.dir: [7]
    ------------------------------------------------
    Total:

E:\project\smart car\modlecode\E05_04_imu963ra_demo - find\iar\Debug_m7_0\Obj\dma_12106025507578611576.dir: [8]
    ------------------------------------------------
    Total:

E:\project\smart car\modlecode\E05_04_imu963ra_demo - find\iar\Debug_m7_0\Obj\eth_phy_18133017486186456677.dir: [9]
    ------------------------------------------------
    Total:

E:\project\smart car\modlecode\E05_04_imu963ra_demo - find\iar\Debug_m7_0\Obj\ethernet_6029839089178797009.dir: [10]
    ------------------------------------------------
    Total:

E:\project\smart car\modlecode\E05_04_imu963ra_demo - find\iar\Debug_m7_0\Obj\evtgen_3404189088603873129.dir: [11]
    ------------------------------------------------
    Total:

E:\project\smart car\modlecode\E05_04_imu963ra_demo - find\iar\Debug_m7_0\Obj\flash_8529866181315662935.dir: [12]
    ------------------------------------------------
    Total:

E:\project\smart car\modlecode\E05_04_imu963ra_demo - find\iar\Debug_m7_0\Obj\flash_864493325053435817.dir: [13]
    ------------------------------------------------
    Total:

E:\project\smart car\modlecode\E05_04_imu963ra_demo - find\iar\Debug_m7_0\Obj\gpio_3999404635324069351.dir: [14]
    cy_gpio.o                  404
    ------------------------------------------------
    Total:                     404

E:\project\smart car\modlecode\E05_04_imu963ra_demo - find\iar\Debug_m7_0\Obj\ipc_10145506163450686023.dir: [15]
    ------------------------------------------------
    Total:

E:\project\smart car\modlecode\E05_04_imu963ra_demo - find\iar\Debug_m7_0\Obj\lin_18429031207028094880.dir: [16]
    ------------------------------------------------
    Total:

E:\project\smart car\modlecode\E05_04_imu963ra_demo - find\iar\Debug_m7_0\Obj\lvd_6353935867039560245.dir: [17]
    ------------------------------------------------
    Total:

E:\project\smart car\modlecode\E05_04_imu963ra_demo - find\iar\Debug_m7_0\Obj\mcwdt_4052485907822033969.dir: [18]
    ------------------------------------------------
    Total:

E:\project\smart car\modlecode\E05_04_imu963ra_demo - find\iar\Debug_m7_0\Obj\mpu_5663187252346826382.dir: [19]
    ------------------------------------------------
    Total:

E:\project\smart car\modlecode\E05_04_imu963ra_demo - find\iar\Debug_m7_0\Obj\power_14453085144426420577.dir: [20]
    ------------------------------------------------
    Total:

E:\project\smart car\modlecode\E05_04_imu963ra_demo - find\iar\Debug_m7_0\Obj\prot_10722960861768657883.dir: [21]
    ------------------------------------------------
    Total:

E:\project\smart car\modlecode\E05_04_imu963ra_demo - find\iar\Debug_m7_0\Obj\rev_b_4986922561640112550.dir: [22]
    system_tviibh4m_cm7.o      340      112       20
    ------------------------------------------------
    Total:                     340      112       20

E:\project\smart car\modlecode\E05_04_imu963ra_demo - find\iar\Debug_m7_0\Obj\rev_b_6162237342861132223.dir: [23]
    cy_interrupt_map.o         408       96    1'772
    ------------------------------------------------
    Total:                     408       96    1'772

E:\project\smart car\modlecode\E05_04_imu963ra_demo - find\iar\Debug_m7_0\Obj\scb_15490842639181808494.dir: [24]
    ------------------------------------------------
    Total:

E:\project\smart car\modlecode\E05_04_imu963ra_demo - find\iar\Debug_m7_0\Obj\sd_host_2982766354293506895.dir: [25]
    ------------------------------------------------
    Total:

E:\project\smart car\modlecode\E05_04_imu963ra_demo - find\iar\Debug_m7_0\Obj\semihosting_143864889731838620.dir: [26]
    ------------------------------------------------
    Total:

E:\project\smart car\modlecode\E05_04_imu963ra_demo - find\iar\Debug_m7_0\Obj\smartio_5451710003740070188.dir: [27]
    ------------------------------------------------
    Total:

E:\project\smart car\modlecode\E05_04_imu963ra_demo - find\iar\Debug_m7_0\Obj\smif_427648126384146252.dir: [28]
    ------------------------------------------------
    Total:

E:\project\smart car\modlecode\E05_04_imu963ra_demo - find\iar\Debug_m7_0\Obj\smif_mem_6470536964353725183.dir: [29]
    ------------------------------------------------
    Total:

E:\project\smart car\modlecode\E05_04_imu963ra_demo - find\iar\Debug_m7_0\Obj\srom_13018798572330080582.dir: [30]
    ------------------------------------------------
    Total:

E:\project\smart car\modlecode\E05_04_imu963ra_demo - find\iar\Debug_m7_0\Obj\startup_479057977785470282.dir: [31]
    startup.o                  516       24
    startup_cm7.o              442               128
    ------------------------------------------------
    Total:                     958       24      128

E:\project\smart car\modlecode\E05_04_imu963ra_demo - find\iar\Debug_m7_0\Obj\sw_timer_4215635015939382130.dir: [32]
    ------------------------------------------------
    Total:

E:\project\smart car\modlecode\E05_04_imu963ra_demo - find\iar\Debug_m7_0\Obj\sysclk_16149231235676103872.dir: [33]
    cy_sysclk.o              2'280      184       25
    ------------------------------------------------
    Total:                   2'280      184       25

E:\project\smart car\modlecode\E05_04_imu963ra_demo - find\iar\Debug_m7_0\Obj\sysflt_12293435975120599261.dir: [34]
    ------------------------------------------------
    Total:

E:\project\smart car\modlecode\E05_04_imu963ra_demo - find\iar\Debug_m7_0\Obj\sysint_7435970359207984181.dir: [35]
    ------------------------------------------------
    Total:

E:\project\smart car\modlecode\E05_04_imu963ra_demo - find\iar\Debug_m7_0\Obj\syslib_16330585751512546975.dir: [36]
    cy_syslib.o                182               140
    cy_syslib_iar.o             30
    ------------------------------------------------
    Total:                     212               140

E:\project\smart car\modlecode\E05_04_imu963ra_demo - find\iar\Debug_m7_0\Obj\syspm_10887939769544754770.dir: [37]
    ------------------------------------------------
    Total:

E:\project\smart car\modlecode\E05_04_imu963ra_demo - find\iar\Debug_m7_0\Obj\sysreghc_17676636058511625587.dir: [38]
    ------------------------------------------------
    Total:

E:\project\smart car\modlecode\E05_04_imu963ra_demo - find\iar\Debug_m7_0\Obj\sysreset_14586141425677365288.dir: [39]
    ------------------------------------------------
    Total:

E:\project\smart car\modlecode\E05_04_imu963ra_demo - find\iar\Debug_m7_0\Obj\sysrtc_10747768817563771611.dir: [40]
    ------------------------------------------------
    Total:

E:\project\smart car\modlecode\E05_04_imu963ra_demo - find\iar\Debug_m7_0\Obj\systick_16016591671695740695.dir: [41]
    ------------------------------------------------
    Total:

E:\project\smart car\modlecode\E05_04_imu963ra_demo - find\iar\Debug_m7_0\Obj\syswdt_9118657615806274156.dir: [42]
    ------------------------------------------------
    Total:

E:\project\smart car\modlecode\E05_04_imu963ra_demo - find\iar\Debug_m7_0\Obj\tcpwm_422923530147891246.dir: [43]
    cy_tcpwm.o                  14
    cy_tcpwm_counter.o         394       20
    ------------------------------------------------
    Total:                     408       20

E:\project\smart car\modlecode\E05_04_imu963ra_demo - find\iar\Debug_m7_0\Obj\trigmux_9729677290734583340.dir: [44]
    ------------------------------------------------
    Total:

E:\project\smart car\modlecode\E05_04_imu963ra_demo - find\iar\Debug_m7_0\Obj\user_8514941877209965082.dir: [45]
    main_cm7_0.o               552       40      256
    ------------------------------------------------
    Total:                     552       40      256

E:\project\smart car\modlecode\E05_04_imu963ra_demo - find\iar\Debug_m7_0\Obj\zf_common_1201165462030747823.dir: [46]
    zf_common_clock.o           28                 4
    zf_common_debug.o        1'024      120       23
    zf_common_interrupt.o       52                 4
    ------------------------------------------------
    Total:                   1'104      120       31

E:\project\smart car\modlecode\E05_04_imu963ra_demo - find\iar\Debug_m7_0\Obj\zf_components_14936052685886095442.dir: [47]
    ------------------------------------------------
    Total:

E:\project\smart car\modlecode\E05_04_imu963ra_demo - find\iar\Debug_m7_0\Obj\zf_device_6570275422786408770.dir: [48]
    zf_device_imu963ra.o     1'044      145       46
    ------------------------------------------------
    Total:                   1'044      145       46

E:\project\smart car\modlecode\E05_04_imu963ra_demo - find\iar\Debug_m7_0\Obj\zf_driver_11922370083829174090.dir: [49]
    zf_driver_delay.o          716        1        3
    zf_driver_gpio.o           440
    zf_driver_pwm.o             40
    zf_driver_soft_iic.o     1'736       72
    zf_driver_uart.o           164                20
    ------------------------------------------------
    Total:                   3'096       73       23

dl7M_tln.a: [50]
    abort.o                      6
    exit.o                       4
    printf.o                    40
    putchar.o                   32
    sprintf.o                   64
    xfail_s.o                   64                 4
    xprintflarge_nomb.o      3'350
    xprout.o                    22
    xsprout.o                   10
    ------------------------------------------------
    Total:                   3'592                 4

m7M_tlv.a: [51]
    DblDiv.o                    18
    DblMul.o                    18
    DblSub.o                    18
    DblToU32.o                  14
    U32ToDbl.o                  14
    fpinit_M.o                  34
    frexp.o                    112
    ------------------------------------------------
    Total:                     228

rt7M_tl.a: [52]
    ABImemcpy.o                166
    ABImemset.o                102
    I64DivMod.o                560
    I64DivZer.o                  2
    cexit.o                     10
    cmain.o                     30
    cstartup_M.o                28
    data_init.o                 42
    lz77_init_single.o         126
    memchr.o                    88
    strchr.o                    22
    strlen.o                    54
    strncpy.o                  112
    zero_init3.o                56
    ------------------------------------------------
    Total:                   1'398

shb_l.a: [53]
    exit.o                      20
    ------------------------------------------------
    Total:                      20

    Gaps                        16        8
    Linker created                       32    8'192
----------------------------------------------------
    Grand Total:            19'764      854   10'646


*******************************************************************************
*** ENTRY LIST
***

Entry                       Address   Size  Type      Object
-----                       -------   ----  ----      ------
.iar.init_table$$Base   0x1008'4dd0          --   Gb  - Linker created -
.iar.init_table$$Limit  0x1008'4df0          --   Gb  - Linker created -
?main                   0x1008'4e71         Code  ??  cmain.o [52]
BusFault_Handler        0x1008'5015         Code  Wk  startup_cm7.o [31]
CSTACK$$Base            0x2807'e000          --   Gb  - Linker created -
CSTACK$$Limit           0x2808'0000          --   ??  - Linker created -
CopyVectorTable         0x1008'48dd   0x34  Code  Lc  startup.o [31]
CpuUserInt0_Handler     0x1008'495f   0x26  Code  ??  cy_interrupt_map.o [23]
CpuUserInt10_Handler    0x1008'5031         Code  Wk  startup_cm7.o [31]
CpuUserInt11_Handler    0x1008'5035         Code  Wk  startup_cm7.o [31]
CpuUserInt12_Handler    0x1008'5039         Code  Wk  startup_cm7.o [31]
CpuUserInt13_Handler    0x1008'503d         Code  Wk  startup_cm7.o [31]
CpuUserInt14_Handler    0x1008'5041         Code  Wk  startup_cm7.o [31]
CpuUserInt15_Handler    0x1008'5045         Code  Wk  startup_cm7.o [31]
CpuUserInt1_Handler     0x1008'4985   0x26  Code  ??  cy_interrupt_map.o [23]
CpuUserInt2_Handler     0x1008'49ab   0x26  Code  ??  cy_interrupt_map.o [23]
CpuUserInt3_Handler     0x1008'49d1   0x26  Code  ??  cy_interrupt_map.o [23]
CpuUserInt4_Handler     0x1008'49f7   0x26  Code  ??  cy_interrupt_map.o [23]
CpuUserInt5_Handler     0x1008'4a1d   0x26  Code  ??  cy_interrupt_map.o [23]
CpuUserInt6_Handler     0x1008'4a43   0x26  Code  ??  cy_interrupt_map.o [23]
CpuUserInt7_Handler     0x1008'4a69   0x26  Code  ??  cy_interrupt_map.o [23]
CpuUserInt8_Handler     0x1008'5029         Code  Wk  startup_cm7.o [31]
CpuUserInt9_Handler     0x1008'502d         Code  Wk  startup_cm7.o [31]
Cy_DefaultUserHandler   0x1008'495d    0x2  Code  ??  cy_interrupt_map.o [23]
Cy_GPIO_ClearInterrupt  0x1008'3a0b    0xe  Code  Lc  cy_gpio.o [14]
Cy_GPIO_Clr             0x1008'367d    0xa  Code  Lc  zf_driver_gpio.o [49]
Cy_GPIO_Inv             0x1008'3687    0xa  Code  Lc  zf_driver_gpio.o [49]
Cy_GPIO_Pin_Init        0x1008'3a4f   0x72  Code  ??  cy_gpio.o [14]
Cy_GPIO_Read            0x1008'3669    0xa  Code  Lc  zf_driver_gpio.o [49]
Cy_GPIO_Set             0x1008'3673    0xa  Code  Lc  zf_driver_gpio.o [49]
Cy_GPIO_SetDriveSel     0x1008'39ed   0x1e  Code  Lc  cy_gpio.o [14]
Cy_GPIO_SetDrivemode    0x1008'399d   0x1c  Code  Lc  cy_gpio.o [14]
Cy_GPIO_SetDrivemode    0x1008'3691   0x1c  Code  Lc  zf_driver_gpio.o [49]
Cy_GPIO_SetHSIOM        0x1008'3939   0x4c  Code  Lc  cy_gpio.o [14]
Cy_GPIO_SetInterruptEdge
                        0x1008'3a33   0x1c  Code  Lc  cy_gpio.o [14]
Cy_GPIO_SetInterruptMask
                        0x1008'3a19   0x1a  Code  Lc  cy_gpio.o [14]
Cy_GPIO_SetSlewRate     0x1008'39d3   0x1a  Code  Lc  cy_gpio.o [14]
Cy_GPIO_SetVtrip        0x1008'39b9   0x1a  Code  Lc  cy_gpio.o [14]
Cy_GPIO_Write           0x1008'3985   0x18  Code  Lc  cy_gpio.o [14]
Cy_RestoreIRQ           0x1008'4735         Code  ??  startup_cm7.o [31]
Cy_SCB_GetNumInTxFifo   0x1008'3827    0xa  Code  Lc  zf_driver_uart.o [49]
Cy_SCB_GetTxSrValid     0x1008'3831    0xa  Code  Lc  zf_driver_uart.o [49]
Cy_SCB_IsTxComplete     0x1008'383b   0x22  Code  Lc  zf_driver_uart.o [49]
Cy_SCB_WriteTxFifo      0x1008'3821    0x6  Code  Lc  zf_driver_uart.o [49]
Cy_SaveIRQ              0x1008'472d         Code  ??  startup_cm7.o [31]
Cy_SysClk_CheckDividerExisting
                        0x1008'3f09   0x2a  Code  Lc  zf_driver_delay.o [49]
Cy_SysClk_ClkPathGetSource
                        0x1008'22ad   0x54  Code  ??  cy_sysclk.o [33]
Cy_SysClk_EcoGetStatus  0x1008'2139   0x1a  Code  Lc  cy_sysclk.o [33]
Cy_SysClk_Fast0ClkGetDivider
                        0x1008'2281   0x16  Code  Lc  cy_sysclk.o [33]
Cy_SysClk_Fast1ClkGetDivider
                        0x1008'2297   0x16  Code  Lc  cy_sysclk.o [33]
Cy_SysClk_FllGetConfiguration
                        0x1008'230d   0x7e  Code  ??  cy_sysclk.o [33]
Cy_SysClk_FllGetLockStatus
                        0x1008'2153    0xc  Code  Lc  cy_sysclk.o [33]
Cy_SysClk_GetClockGroup
                        0x1008'3fbd    0x8  Code  Lc  zf_driver_delay.o [49]
Cy_SysClk_GetCoreFrequency
                        0x1008'29cd   0x2a  Code  ??  cy_sysclk.o [33]
Cy_SysClk_GetEcoFrequency
                        0x1008'24d5   0x32  Code  ??  cy_sysclk.o [33]
Cy_SysClk_GetExtFrequency
                        0x1008'2509   0x1e  Code  ??  cy_sysclk.o [33]
Cy_SysClk_GetFast0Frequency
                        0x1008'2921   0x56  Code  ??  cy_sysclk.o [33]
Cy_SysClk_GetFast1Frequency
                        0x1008'2977   0x56  Code  ??  cy_sysclk.o [33]
Cy_SysClk_GetFllInputFrequency
                        0x1008'2629    0xc  Code  ??  cy_sysclk.o [33]
Cy_SysClk_GetFllOutputFrequency
                        0x1008'2651   0x78  Code  ??  cy_sysclk.o [33]
Cy_SysClk_GetHfClkFrequency
                        0x1008'28a3   0x7a  Code  ??  cy_sysclk.o [33]
Cy_SysClk_GetIlo0Frequency
                        0x1008'2527   0x32  Code  ??  cy_sysclk.o [33]
Cy_SysClk_GetIlo1Frequency
                        0x1008'2559   0x32  Code  ??  cy_sysclk.o [33]
Cy_SysClk_GetImoFrequency
                        0x1008'24a3   0x32  Code  ??  cy_sysclk.o [33]
Cy_SysClk_GetPathFrequency
                        0x1008'2871   0x32  Code  ??  cy_sysclk.o [33]
Cy_SysClk_GetPathSourceFrequency
                        0x1008'25c5   0x64  Code  ??  cy_sysclk.o [33]
Cy_SysClk_GetPll400MNo  0x1008'219d   0x14  Code  Lc  cy_sysclk.o [33]
Cy_SysClk_GetPllInputFrequency
                        0x1008'2635   0x1c  Code  ??  cy_sysclk.o [33]
Cy_SysClk_GetPllNo      0x1008'2161   0x12  Code  Lc  cy_sysclk.o [33]
Cy_SysClk_GetPllOutputFrequency
                        0x1008'26cd  0x1a0  Code  ??  cy_sysclk.o [33]
Cy_SysClk_GetWcoFrequency
                        0x1008'258b   0x32  Code  ??  cy_sysclk.o [33]
Cy_SysClk_HfClockGetDivider
                        0x1008'223f   0x42  Code  Lc  cy_sysclk.o [33]
Cy_SysClk_HfClockGetSource
                        0x1008'21eb   0x54  Code  Lc  cy_sysclk.o [33]
Cy_SysClk_InitGetFreqParams
                        0x1008'2489   0x1a  Code  ??  cy_sysclk.o [33]
Cy_SysClk_PeriphAssignDivider
                        0x1008'3fc5   0x72  Code  Lc  zf_driver_delay.o [49]
Cy_SysClk_PeriphEnableDivider
                        0x1008'4037   0x5c  Code  Lc  zf_driver_delay.o [49]
Cy_SysClk_PeriphSetDivider
                        0x1008'3f33   0x8a  Code  Lc  zf_driver_delay.o [49]
Cy_SysClk_Pll400MGetConfiguration
                        0x1008'23f5   0x84  Code  ??  cy_sysclk.o [33]
Cy_SysClk_Pll400MGetLockStatus
                        0x1008'21b1   0x2a  Code  Lc  cy_sysclk.o [33]
Cy_SysClk_PllGetConfiguration
                        0x1008'23a1   0x48  Code  ??  cy_sysclk.o [33]
Cy_SysClk_PllGetLockStatus
                        0x1008'2173   0x28  Code  Lc  cy_sysclk.o [33]
Cy_SysClk_WcoOkay       0x1008'21dd    0xe  Code  Lc  cy_sysclk.o [33]
Cy_SysLib_DelayCycles   0x1008'4e51         Code  ??  cy_syslib_iar.o [36]
Cy_SysLib_EnterCriticalSection
                        0x1008'4e61         Code  ??  cy_syslib_iar.o [36]
Cy_SysLib_ExitCriticalSection
                        0x1008'4e69         Code  ??  cy_syslib_iar.o [36]
Cy_SysLib_FaultHandler  0x1008'2a95   0x90  Code  ??  cy_syslib.o [36]
Cy_SysLib_Halt          0x1008'2a91    0x4  Code  ??  cy_syslib.o [36]
Cy_SysLib_ProcessingFault
                        0x1008'2b9f    0x2  Code  Wk  cy_syslib.o [36]
Cy_SysLib_SvcHandler    0x1008'4fc5    0xc  Code  Wk  cy_syslib.o [36]
Cy_SystemInitFpuEnable  0x1008'46cd   0x1e  Code  ??  system_tviibh4m_cm7.o [22]
Cy_SystemIrqUserTable   0x2802'0000  0x6ec  Data  ??  cy_interrupt_map.o [23]
Cy_Tcpwm_Counter_Enable
                        0x1008'434d    0xa  Code  ??  cy_tcpwm_counter.o [43]
Cy_Tcpwm_Counter_GetCounter
                        0x1008'435b    0x4  Code  ??  cy_tcpwm_counter.o [43]
Cy_Tcpwm_Counter_Init   0x1008'41d5  0x164  Code  ??  cy_tcpwm_counter.o [43]
Cy_Tcpwm_Counter_SetCounter
                        0x1008'4357    0x4  Code  ??  cy_tcpwm_counter.o [43]
Cy_Tcpwm_TriggerStart   0x1008'435f    0xe  Code  ??  cy_tcpwm.o [43]
Cy_u32StartupStackEndAddress
                        0x1008'4b84         Data  ??  startup_cm7.o [31]
Cy_u32StartupStackStartAddress
                        0x1008'4b80         Data  ??  startup_cm7.o [31]
DebugMon_Handler        0x1008'501d         Code  Wk  startup_cm7.o [31]
HEAP_STACK$$Base        0x2807'e000          --   Gb  - Linker created -
HEAP_STACK$$Limit       0x2808'0000          --   Gb  - Linker created -
HardFault_Handler       0x1008'4e11         Code  Wk  startup_cm7.o [31]
InitRamEcc              0x1008'47cb  0x100  Code  Lc  startup.o [31]
InitRamEccClearArea     0x1008'48cb   0x12  Code  Lc  startup.o [31]
MemManage_Handler       0x1008'5011         Code  Wk  startup_cm7.o [31]
NMI_Handler             0x1008'500d         Code  Wk  startup_cm7.o [31]
PendSV_Handler          0x1008'5021         Code  Wk  startup_cm7.o [31]
Region$$Table$$Base     0x1008'4dd0          --   ??  - Linker created -
Region$$Table$$Limit    0x1008'4df0          --   ??  - Linker created -
Reset_Handler           0x1008'4ad9         Code  Wk  startup_cm7.o [31]
SVC_Handler             0x1008'4ec1         Code  Wk  startup_cm7.o [31]
Startup_Init            0x1008'473d   0x8e  Code  ??  startup.o [31]
SysTick_Handler         0x1008'5025         Code  Wk  startup_cm7.o [31]
SystemCoreClock         0x2802'08e0    0x4  Data  ??  system_tviibh4m_cm7.o [22]
SystemCoreClockUpdate   0x1008'4635   0x98  Code  ??  system_tviibh4m_cm7.o [22]
SystemInit              0x1008'45d9   0x5c  Code  ??  system_tviibh4m_cm7.o [22]
UsageFault_Handler      0x1008'5019         Code  Wk  startup_cm7.o [31]
_LC                     0x1008'0081    0x6  Code  Lc  xprintflarge_nomb.o [50]
_LitobLargeNoMb         0x1008'0b91  0x10c  Code  Lc  xprintflarge_nomb.o [50]
_PrintfLargeNoMb        0x1008'0087  0xb04  Code  ??  xprintflarge_nomb.o [50]
_Prout                  0x1008'4f59   0x16  Code  ??  xprout.o [50]
_PutcharsLargeNoMb      0x1008'0cfd   0x2e  Code  Lc  xprintflarge_nomb.o [50]
_SProut                 0x1008'0e2b    0xa  Code  ??  xsprout.o [50]
__NVIC_ClearPendingIRQ  0x1008'4941   0x1c  Code  Lc  cy_interrupt_map.o [23]
__Vectors               0x1008'0000          --   ??  startup_cm7.o [31]
__Vectors_End           0x1008'0080         Data  ??  startup_cm7.o [31]
__Vectors_Size {Abs}           0x80          --   ??  startup_cm7.o [31]
__aeabi_d2uiz           0x1008'102f    0xe  Code  ??  DblToU32.o [51]
__aeabi_ddiv            0x1008'101d   0x12  Code  ??  DblDiv.o [51]
__aeabi_dmul            0x1008'105d   0x12  Code  ??  DblMul.o [51]
__aeabi_dsub            0x1008'104b   0x12  Code  ??  DblSub.o [51]
__aeabi_ldiv0           0x1008'12a9         Code  ??  I64DivZer.o [52]
__aeabi_memcpy          0x1008'0f05         Code  ??  ABImemcpy.o [52]
__aeabi_memcpy4         0x1008'0f25         Code  ??  ABImemcpy.o [52]
__aeabi_memcpy8         0x1008'0f25         Code  ??  ABImemcpy.o [52]
__aeabi_memset          0x1008'2b39         Code  ??  ABImemset.o [52]
__aeabi_ui2d            0x1008'103d    0xe  Code  ??  U32ToDbl.o [51]
__aeabi_uldivmod        0x1008'1071         Code  ??  I64DivMod.o [52]
__cmain                 0x1008'4e71         Code  ??  cmain.o [52]
__ecc_init_dtcm_end_address {Abs}
                        0x2000'3fff         Data  ??  <internal module>
__ecc_init_dtcm_start_address {Abs}
                        0x2000'0000         Data  ??  <internal module>
__ecc_init_itcm_end_address {Abs}
                             0x3fff         Data  ??  <internal module>
__ecc_init_itcm_start_address {Abs}
                                0x0         Data  ??  <internal module>
__ecc_init_sram_end_address {Abs}
                        0x2807'ffff         Data  ??  <internal module>
__ecc_init_sram_start_address {Abs}
                        0x2802'0000         Data  ??  <internal module>
__exit                  0x1008'12ad   0x14  Code  ??  exit.o [53]
__iar_Fail_s            0x1008'0e35   0x1c  Code  ??  xfail_s.o [50]
__iar_Memchr            0x1008'0ead         Code  ??  memchr.o [52]
__iar_Memset            0x1008'2b39         Code  ??  ABImemset.o [52]
__iar_Memset_word       0x1008'2b41         Code  ??  ABImemset.o [52]
__iar_Strchr            0x1008'0e15         Code  ??  strchr.o [52]
__iar_data_init3        0x1008'4d59   0x18  Code  ??  data_init.o [52]
__iar_frexp             0x1008'0fb9         Code  ??  frexp.o [51]
__iar_frexpl            0x1008'0fb9         Code  ??  frexp.o [51]
__iar_init_vfp          0x1008'4dad         Code  ??  fpinit_M.o [51]
__iar_lz77_init_single3
                        0x1008'0d97   0x7e  Code  ??  lz77_init_single.o [52]
__iar_program_start     0x1008'4edd         Code  ??  cstartup_M.o [52]
__iar_softfp___iar_frexp64
                        0x1008'0fad         Code  ??  frexp.o [51]
__iar_softfp_frexp      0x1008'0fad         Code  ??  frexp.o [51]
__iar_softfp_frexpl     0x1008'0fad         Code  ??  frexp.o [51]
__iar_zero_init3        0x1008'4d21   0x38  Code  ??  zero_init3.o [52]
__low_level_init        0x1008'4e91         Code  ??  startup_cm7.o [31]
__ramVectors            0x2802'0980         Data  ??  startup_cm7.o [31]
__vector_table          0x1008'0000         Data  ??  startup_cm7.o [31]
__vector_table_0x1c     0x1008'001c         Data  ??  startup_cm7.o [31]
__write                 0x1008'3567   0x12  Code  ??  zf_common_debug.o [46]
_call_main              0x1008'4e7d         Code  ??  cmain.o [52]
_exit                   0x1008'4e99         Code  ??  cexit.o [52]
abort                   0x1008'12a1    0x6  Code  ??  abort.o [50]
acc_x                   0x2802'08ac    0x4  Data  ??  main_cm7_0.o [45]
acc_y                   0x2802'08b0    0x4  Data  ??  main_cm7_0.o [45]
acc_z                   0x2802'06ec    0x4  Data  ??  main_cm7_0.o [45]
arcsin                  0x1008'20fd   0x24  Code  ??  math.o [5]
arctan1                 0x1008'1ef1  0x130  Code  ??  math.o [5]
arctan2                 0x1008'2029   0xac  Code  ??  math.o [5]
assert_interrupt_config
                        0x1008'392d    0xc  Code  ??  zf_common_interrupt.o [46]
calculatePose_Module    0x1008'14b5  0x918  Code  ??  pose.o [5]
clock_init              0x1008'4595   0x16  Code  ??  zf_common_clock.o [46]
cos                     0x1008'1ee1   0x10  Code  ??  math.o [5]
cy_assertFileName       0x2802'086c   0x18  Data  ??  cy_syslib.o [36]
cy_assertLine           0x2802'08a8    0x4  Data  ??  cy_syslib.o [36]
cy_delay32kMs           0x2802'08f0    0x4  Data  ??  system_tviibh4m_cm7.o [22]
cy_delayFreqHz          0x2802'08e4    0x4  Data  ??  system_tviibh4m_cm7.o [22]
cy_delayFreqKhz         0x2802'08e8    0x4  Data  ??  system_tviibh4m_cm7.o [22]
cy_delayFreqMhz         0x2802'08ec    0x4  Data  ??  system_tviibh4m_cm7.o [22]
cy_faultFrame           0x2802'07e4   0x70  Data  ??  cy_syslib.o [36]
debug_assert_handler    0x1008'3579   0x3c  Code  ??  zf_common_debug.o [46]
debug_assert_handler::assert_nest_index
                        0x2802'0915    0x1  Data  Lc  zf_common_debug.o [46]
debug_delay             0x1008'3269   0x36  Code  Lc  zf_common_debug.o [46]
debug_info_init         0x1008'361f   0x18  Code  ??  zf_common_debug.o [46]
debug_log_handler       0x1008'35b5   0x20  Code  ??  zf_common_debug.o [46]
debug_output            0x1008'32ab  0x2bc  Code  Lc  zf_common_debug.o [46]
debug_output_info       0x2802'0884   0x14  Data  Lc  zf_common_debug.o [46]
debug_output_init       0x1008'35f5   0x2a  Code  ??  zf_common_debug.o [46]
debug_output_struct_init
                        0x1008'35d5   0x20  Code  ??  zf_common_debug.o [46]
debug_uart_str_output   0x1008'329f    0xc  Code  Lc  zf_common_debug.o [46]
delay_clk               0x2802'0710    0x2  Data  Lc  zf_driver_delay.o [49]
divNumLocator           0x1008'4fd0    0x8  Data  ??  cy_sysclk.o [33]
exit                    0x1008'4e95    0x4  Code  ??  exit.o [50]
gpio_get_level          0x1008'36f5   0x24  Code  ??  zf_driver_gpio.o [49]
gpio_init               0x1008'378b   0x90  Code  ??  zf_driver_gpio.o [49]
gpio_set_dir            0x1008'373b   0x50  Code  ??  zf_driver_gpio.o [49]
gpio_set_level          0x1008'36ad   0x48  Code  ??  zf_driver_gpio.o [49]
gpio_toggle_level       0x1008'3719   0x22  Code  ??  zf_driver_gpio.o [49]
gyro_x                  0x2802'08b4    0x4  Data  ??  main_cm7_0.o [45]
gyro_y                  0x2802'08b8    0x4  Data  ??  main_cm7_0.o [45]
gyro_z                  0x2802'08bc    0x4  Data  ??  main_cm7_0.o [45]
imu963ra_acc_gyro_self_check
                        0x1008'3c0b   0x34  Code  Lc  zf_device_imu963ra.o [48]
imu963ra_acc_x          0x2802'0906    0x2  Data  ??  zf_device_imu963ra.o [48]
imu963ra_acc_y          0x2802'0908    0x2  Data  ??  zf_device_imu963ra.o [48]
imu963ra_acc_z          0x2802'090a    0x2  Data  ??  zf_device_imu963ra.o [48]
imu963ra_connect_mag    0x1008'3bd1   0x3a  Code  Lc  zf_device_imu963ra.o [48]
imu963ra_get_acc        0x1008'3c73   0x40  Code  ??  zf_device_imu963ra.o [48]
imu963ra_get_gyro       0x1008'3cb3   0x40  Code  ??  zf_device_imu963ra.o [48]
imu963ra_get_mag        0x1008'3cf3   0x60  Code  ??  zf_device_imu963ra.o [48]
imu963ra_gyro_x         0x2802'0900    0x2  Data  ??  zf_device_imu963ra.o [48]
imu963ra_gyro_y         0x2802'0902    0x2  Data  ??  zf_device_imu963ra.o [48]
imu963ra_gyro_z         0x2802'0904    0x2  Data  ??  zf_device_imu963ra.o [48]
imu963ra_iic_struct     0x2802'0898   0x10  Data  Lc  zf_device_imu963ra.o [48]
imu963ra_init           0x1008'3d53  0x170  Code  ??  zf_device_imu963ra.o [48]
imu963ra_mag_self_check
                        0x1008'3c3f   0x34  Code  Lc  zf_device_imu963ra.o [48]
imu963ra_mag_x          0x2802'090c    0x2  Data  ??  zf_device_imu963ra.o [48]
imu963ra_mag_y          0x2802'090e    0x2  Data  ??  zf_device_imu963ra.o [48]
imu963ra_mag_z          0x2802'0910    0x2  Data  ??  zf_device_imu963ra.o [48]
imu963ra_read_mag_register
                        0x1008'3b6d   0x64  Code  Lc  zf_device_imu963ra.o [48]
imu963ra_transition_factor
                        0x2802'06f0    0xc  Data  ??  zf_device_imu963ra.o [48]
imu963ra_write_mag_register
                        0x1008'3af5   0x78  Code  Lc  zf_device_imu963ra.o [48]
initPose_Module         0x1008'12c1   0xfc  Code  ??  pose.o [5]
intFreqInitialized      0x2802'0912    0x1  Data  ??  cy_sysclk.o [33]
internalBaseFreqInfo    0x2802'0854   0x18  Data  ??  cy_sysclk.o [33]
interrupt_global_disable
                        0x1008'3915   0x14  Code  ??  zf_common_interrupt.o [46]
interrupt_global_enable
                        0x1008'3905   0x10  Code  ??  zf_common_interrupt.o [46]
interrupt_global_flag   0x2802'08f8    0x4  Data  Lc  zf_common_interrupt.o [46]
mag_x                   0x2802'08c0    0x4  Data  ??  main_cm7_0.o [45]
mag_y                   0x2802'08c4    0x4  Data  ??  main_cm7_0.o [45]
mag_z                   0x2802'08c8    0x4  Data  ??  main_cm7_0.o [45]
main                    0x1008'436d  0x228  Code  ??  main_cm7_0.o [45]
memchr                  0x1008'0ead         Code  ??  memchr.o [52]
pit                     0x2802'08cc    0x4  Data  ??  main_cm7_0.o [45]
pose                    0x2802'0714   0xd0  Data  ??  main_cm7_0.o [45]
printf                  0x1008'45b1   0x28  Code  ??  printf.o [50]
putchar                 0x1008'4e31   0x20  Code  ??  putchar.o [50]
pwm_all_channel_close   0x1008'3acd   0x22  Code  ??  zf_driver_pwm.o [49]
rol                     0x2802'08d0    0x4  Data  ??  main_cm7_0.o [45]
scale                   0x1008'0ca3   0x46  Code  Lc  xprintflarge_nomb.o [50]
scb_module              0x2802'06fc   0x14  Data  ??  zf_driver_uart.o [49]
sec_hand                0x2802'08fc    0x4  Data  Lc  xfail_s.o [50]
simple_3d_trans         0x1008'13bd   0xf6  Code  ??  pose.o [5]
simple_3d_trans::h_tmp_x
                        0x2802'08d8    0x4  Data  Lc  pose.o [5]
simple_3d_trans::h_tmp_y
                        0x2802'08dc    0x4  Data  Lc  pose.o [5]
simple_3d_trans::pn     0x2802'0913    0x1  Data  Lc  pose.o [5]
sin                     0x1008'1e5d   0x84  Code  ??  math.o [5]
soft_iic_init           0x1008'31ed   0x78  Code  ??  zf_driver_soft_iic.o [49]
soft_iic_read_8bit_registers
                        0x1008'30dd   0x98  Code  ??  zf_driver_soft_iic.o [49]
soft_iic_read_data      0x1008'2f77  0x118  Code  Lc  zf_driver_soft_iic.o [49]
soft_iic_sccb_read_register
                        0x1008'3181   0x6c  Code  ??  zf_driver_soft_iic.o [49]
soft_iic_send_ack       0x1008'2ced   0xd2  Code  Lc  zf_driver_soft_iic.o [49]
soft_iic_send_data      0x1008'2e97   0xe0  Code  Lc  zf_driver_soft_iic.o [49]
soft_iic_start          0x1008'2ba1   0xa6  Code  Lc  zf_driver_soft_iic.o [49]
soft_iic_stop           0x1008'2c47   0xa6  Code  Lc  zf_driver_soft_iic.o [49]
soft_iic_wait_ack       0x1008'2dbf   0xd8  Code  Lc  zf_driver_soft_iic.o [49]
soft_iic_write_8bit_register
                        0x1008'308f   0x4e  Code  ??  zf_driver_soft_iic.o [49]
sprintf                 0x1008'38c5   0x40  Code  ??  sprintf.o [50]
sqrt                    0x1008'1de1   0x46  Code  ??  math.o [5]
strchr                  0x1008'0e15         Code  ??  strchr.o [52]
strlen                  0x1008'0e75         Code  ??  strlen.o [52]
strncpy                 0x1008'2a21         Code  ??  strncpy.o [52]
system_clock            0x2802'08f4    0x4  Data  ??  zf_common_clock.o [46]
system_delay_init       0x1008'4105   0xb6  Code  ??  zf_driver_delay.o [49]
system_delay_ms         0x1008'4093   0x72  Code  ??  zf_driver_delay.o [49]
timer_ch                0x2802'0713    0x1  Data  Lc  zf_driver_delay.o [49]
translateAngle          0x1008'1e29   0x32  Code  ??  math.o [5]
uart_write_buffer       0x1008'3885   0x1e  Code  ??  zf_driver_uart.o [49]
uart_write_byte         0x1008'385d   0x28  Code  ??  zf_driver_uart.o [49]
uart_write_string       0x1008'38a3   0x1c  Code  ??  zf_driver_uart.o [49]
yaw                     0x2802'08d4    0x4  Data  ??  main_cm7_0.o [45]
zf_debug_assert_enable  0x2802'0712    0x1  Data  Lc  zf_common_debug.o [46]
zf_debug_init_flag      0x2802'0914    0x1  Data  Lc  zf_common_debug.o [46]


[1] = E:\project\smart car\modlecode\E05_04_imu963ra_demo - find\iar\Debug_m7_0\Obj\adc_11722776235721520015.dir
[2] = E:\project\smart car\modlecode\E05_04_imu963ra_demo - find\iar\Debug_m7_0\Obj\audioss_1346650047966882938.dir
[3] = E:\project\smart car\modlecode\E05_04_imu963ra_demo - find\iar\Debug_m7_0\Obj\button_4990804375159372270.dir
[4] = E:\project\smart car\modlecode\E05_04_imu963ra_demo - find\iar\Debug_m7_0\Obj\canfd_1800690984773873875.dir
[5] = E:\project\smart car\modlecode\E05_04_imu963ra_demo - find\iar\Debug_m7_0\Obj\code_17896468042025673432.dir
[6] = E:\project\smart car\modlecode\E05_04_imu963ra_demo - find\iar\Debug_m7_0\Obj\cpu_15938736945165268644.dir
[7] = E:\project\smart car\modlecode\E05_04_imu963ra_demo - find\iar\Debug_m7_0\Obj\crypto_1190170608956581615.dir
[8] = E:\project\smart car\modlecode\E05_04_imu963ra_demo - find\iar\Debug_m7_0\Obj\dma_12106025507578611576.dir
[9] = E:\project\smart car\modlecode\E05_04_imu963ra_demo - find\iar\Debug_m7_0\Obj\eth_phy_18133017486186456677.dir
[10] = E:\project\smart car\modlecode\E05_04_imu963ra_demo - find\iar\Debug_m7_0\Obj\ethernet_6029839089178797009.dir
[11] = E:\project\smart car\modlecode\E05_04_imu963ra_demo - find\iar\Debug_m7_0\Obj\evtgen_3404189088603873129.dir
[12] = E:\project\smart car\modlecode\E05_04_imu963ra_demo - find\iar\Debug_m7_0\Obj\flash_8529866181315662935.dir
[13] = E:\project\smart car\modlecode\E05_04_imu963ra_demo - find\iar\Debug_m7_0\Obj\flash_864493325053435817.dir
[14] = E:\project\smart car\modlecode\E05_04_imu963ra_demo - find\iar\Debug_m7_0\Obj\gpio_3999404635324069351.dir
[15] = E:\project\smart car\modlecode\E05_04_imu963ra_demo - find\iar\Debug_m7_0\Obj\ipc_10145506163450686023.dir
[16] = E:\project\smart car\modlecode\E05_04_imu963ra_demo - find\iar\Debug_m7_0\Obj\lin_18429031207028094880.dir
[17] = E:\project\smart car\modlecode\E05_04_imu963ra_demo - find\iar\Debug_m7_0\Obj\lvd_6353935867039560245.dir
[18] = E:\project\smart car\modlecode\E05_04_imu963ra_demo - find\iar\Debug_m7_0\Obj\mcwdt_4052485907822033969.dir
[19] = E:\project\smart car\modlecode\E05_04_imu963ra_demo - find\iar\Debug_m7_0\Obj\mpu_5663187252346826382.dir
[20] = E:\project\smart car\modlecode\E05_04_imu963ra_demo - find\iar\Debug_m7_0\Obj\power_14453085144426420577.dir
[21] = E:\project\smart car\modlecode\E05_04_imu963ra_demo - find\iar\Debug_m7_0\Obj\prot_10722960861768657883.dir
[22] = E:\project\smart car\modlecode\E05_04_imu963ra_demo - find\iar\Debug_m7_0\Obj\rev_b_4986922561640112550.dir
[23] = E:\project\smart car\modlecode\E05_04_imu963ra_demo - find\iar\Debug_m7_0\Obj\rev_b_6162237342861132223.dir
[24] = E:\project\smart car\modlecode\E05_04_imu963ra_demo - find\iar\Debug_m7_0\Obj\scb_15490842639181808494.dir
[25] = E:\project\smart car\modlecode\E05_04_imu963ra_demo - find\iar\Debug_m7_0\Obj\sd_host_2982766354293506895.dir
[26] = E:\project\smart car\modlecode\E05_04_imu963ra_demo - find\iar\Debug_m7_0\Obj\semihosting_143864889731838620.dir
[27] = E:\project\smart car\modlecode\E05_04_imu963ra_demo - find\iar\Debug_m7_0\Obj\smartio_5451710003740070188.dir
[28] = E:\project\smart car\modlecode\E05_04_imu963ra_demo - find\iar\Debug_m7_0\Obj\smif_427648126384146252.dir
[29] = E:\project\smart car\modlecode\E05_04_imu963ra_demo - find\iar\Debug_m7_0\Obj\smif_mem_6470536964353725183.dir
[30] = E:\project\smart car\modlecode\E05_04_imu963ra_demo - find\iar\Debug_m7_0\Obj\srom_13018798572330080582.dir
[31] = E:\project\smart car\modlecode\E05_04_imu963ra_demo - find\iar\Debug_m7_0\Obj\startup_479057977785470282.dir
[32] = E:\project\smart car\modlecode\E05_04_imu963ra_demo - find\iar\Debug_m7_0\Obj\sw_timer_4215635015939382130.dir
[33] = E:\project\smart car\modlecode\E05_04_imu963ra_demo - find\iar\Debug_m7_0\Obj\sysclk_16149231235676103872.dir
[34] = E:\project\smart car\modlecode\E05_04_imu963ra_demo - find\iar\Debug_m7_0\Obj\sysflt_12293435975120599261.dir
[35] = E:\project\smart car\modlecode\E05_04_imu963ra_demo - find\iar\Debug_m7_0\Obj\sysint_7435970359207984181.dir
[36] = E:\project\smart car\modlecode\E05_04_imu963ra_demo - find\iar\Debug_m7_0\Obj\syslib_16330585751512546975.dir
[37] = E:\project\smart car\modlecode\E05_04_imu963ra_demo - find\iar\Debug_m7_0\Obj\syspm_10887939769544754770.dir
[38] = E:\project\smart car\modlecode\E05_04_imu963ra_demo - find\iar\Debug_m7_0\Obj\sysreghc_17676636058511625587.dir
[39] = E:\project\smart car\modlecode\E05_04_imu963ra_demo - find\iar\Debug_m7_0\Obj\sysreset_14586141425677365288.dir
[40] = E:\project\smart car\modlecode\E05_04_imu963ra_demo - find\iar\Debug_m7_0\Obj\sysrtc_10747768817563771611.dir
[41] = E:\project\smart car\modlecode\E05_04_imu963ra_demo - find\iar\Debug_m7_0\Obj\systick_16016591671695740695.dir
[42] = E:\project\smart car\modlecode\E05_04_imu963ra_demo - find\iar\Debug_m7_0\Obj\syswdt_9118657615806274156.dir
[43] = E:\project\smart car\modlecode\E05_04_imu963ra_demo - find\iar\Debug_m7_0\Obj\tcpwm_422923530147891246.dir
[44] = E:\project\smart car\modlecode\E05_04_imu963ra_demo - find\iar\Debug_m7_0\Obj\trigmux_9729677290734583340.dir
[45] = E:\project\smart car\modlecode\E05_04_imu963ra_demo - find\iar\Debug_m7_0\Obj\user_8514941877209965082.dir
[46] = E:\project\smart car\modlecode\E05_04_imu963ra_demo - find\iar\Debug_m7_0\Obj\zf_common_1201165462030747823.dir
[47] = E:\project\smart car\modlecode\E05_04_imu963ra_demo - find\iar\Debug_m7_0\Obj\zf_components_14936052685886095442.dir
[48] = E:\project\smart car\modlecode\E05_04_imu963ra_demo - find\iar\Debug_m7_0\Obj\zf_device_6570275422786408770.dir
[49] = E:\project\smart car\modlecode\E05_04_imu963ra_demo - find\iar\Debug_m7_0\Obj\zf_driver_11922370083829174090.dir
[50] = dl7M_tln.a
[51] = m7M_tlv.a
[52] = rt7M_tl.a
[53] = shb_l.a
[54] = zf_device_config.a

  19'764 bytes of readonly  code memory
     854 bytes of readonly  data memory
  10'646 bytes of readwrite data memory

Errors: none
Warnings: none
